[     625ms] [ERROR] Failed to load resource: net::ERR_CONNECTION_REFUSED @ https://www.googletagmanager.com/gtag/js?id=G-4WCLT5TY2F:0
[     798ms] [ERROR] Failed to load resource: net::ERR_CONNECTION_REFUSED @ https://www.googletagmanager.com/gtm.js?id=GTM-PF57S8K:0
[     802ms] [ERROR] Failed to load resource: net::ERR_CONNECTION_REFUSED @ https://log.cookieyes.com/api/v1/log:0
[    1256ms] [ERROR] Failed to load resource: net::ERR_CONNECTION_REFUSED @ https://tags.creativecdn.com/4NfrdcVtTiH2faZCPqQt.js:0
[  135699ms] [ERROR] Failed to load resource: net::ERR_CONNECTION_REFUSED @ https://directory.cookieyes.com/api/v1/ip:0
[  135710ms] [ERROR] TypeError: Failed to fetch
    at c (https://cdn-cookieyes.com/client_data/658cf4463db2fbe2440835f7/banner.js:1:1183)
    at Y (https://cdn-cookieyes.com/client_data/658cf4463db2fbe2440835f7/banner.js:1:16514)
    at V (https://cdn-cookieyes.com/client_data/658cf4463db2fbe2440835f7/banner.js:1:17622) @ https://cdn-cookieyes.com/client_data/658cf4463db2fbe2440835f7/banner.js:0
[  135713ms] [ERROR] Failed to load resource: net::ERR_CONNECTION_REFUSED @ https://log.cookieyes.com/api/v1/consent:0
[  135808ms] [ERROR] Failed to load resource: net::ERR_CONNECTION_REFUSED @ https://www.facebook.com/tr/?id=318104475461771&ev=PageView&dl=https%3A%2F%2Fwunder.com.tr%2F&rl=&if=false&ts=1776938002802&sw=1440&sh=900&v=2.9.303&r=stable&ec=0&o=4126&fbp=fb.2.1776938002795.965983566944857710&ler=empty&cdl=API_unavailable&pmd[title]=WUNDER%20-%20Sneaker%2C%20Giyim%20ve%20daha%20fazlas%C4%B1&pmd[locale]=tr&pmd[description]=Sokak%20modas%C4%B1n%C4%B1n%20%C3%B6nc%C3%BC%20markalar%C4%B1n%C4%B1n%20sneaker%2C%20giyim%20ve%20aksesuar%20koleksiyonlar%C4%B1n%C4%B1%20incelemek%20ve%20g%C3%BCvenle%20sat%C4%B1n%20almak%20i%C3%A7in%20wunder.com%27u%20ke%C5%9Ffedin!&plt=1089.7999999998137&it=1776937868210&coo=false&eid=1776937868244&expv2[0]=pl1&expv2[1]=el2&expv2[2]=bc1&expv2[3]=ra2&expv2[4]=rp2&expv2[5]=im1&expv2[6]=hf1&rqm=GET:0
[  135808ms] [ERROR] Failed to load resource: net::ERR_CONNECTION_REFUSED @ https://www.facebook.com/privacy_sandbox/pixel/register/trigger/?id=318104475461771&ev=PageView&dl=https%3A%2F%2Fwunder.com.tr%2F&rl=&if=false&ts=1776938002802&sw=1440&sh=900&v=2.9.303&r=stable&ec=0&o=4126&fbp=fb.2.1776938002795.965983566944857710&ler=empty&cdl=API_unavailable&pmd[title]=WUNDER%20-%20Sneaker%2C%20Giyim%20ve%20daha%20fazlas%C4%B1&pmd[locale]=tr&pmd[description]=Sokak%20modas%C4%B1n%C4%B1n%20%C3%B6nc%C3%BC%20markalar%C4%B1n%C4%B1n%20sneaker%2C%20giyim%20ve%20aksesuar%20koleksiyonlar%C4%B1n%C4%B1%20incelemek%20ve%20g%C3%BCvenle%20sat%C4%B1n%20almak%20i%C3%A7in%20wunder.com%27u%20ke%C5%9Ffedin!&plt=1089.7999999998137&it=1776937868210&coo=false&eid=1776937868244&expv2[0]=pl1&expv2[1]=el2&expv2[2]=bc1&expv2[3]=ra2&expv2[4]=rp2&expv2[5]=im1&expv2[6]=hf1&rqm=FGET:0
[  137776ms] [ERROR] Failed to load resource: net::ERR_CONNECTION_REFUSED @ https://log.cookieyes.com/api/v1/consent:0
[  154346ms] [ERROR] Failed to load resource: net::ERR_CONNECTION_REFUSED @ https://log.cookieyes.com/api/v1/consent:0
[  189945ms] [ERROR] Failed to load resource: net::ERR_CONNECTION_REFUSED @ https://log.cookieyes.com/api/v1/consent:0
[  889053ms] [ERROR] Failed to load resource: net::ERR_CONNECTION_REFUSED @ https://www.clarity.ms/tag/tjwtkk7zk2:0
[  889054ms] [ERROR] Failed to load resource: net::ERR_CONNECTION_REFUSED @ https://www.googletagmanager.com/gtag/js?id=G-751EYB3T56:0
[  889054ms] [ERROR] Failed to load resource: net::ERR_CONNECTION_REFUSED @ https://static.cloudflareinsights.com/beacon.min.js/v8c78df7c7c0f484497ecbca7046644da1771523124516:0
[  891913ms] [ERROR] Failed to load resource: net::ERR_CONNECTION_REFUSED @ https://www.googletagmanager.com/gtag/js?id=G-751EYB3T56:0
[  891913ms] [ERROR] Failed to load resource: net::ERR_CONNECTION_REFUSED @ https://static.cloudflareinsights.com/beacon.min.js/v8c78df7c7c0f484497ecbca7046644da1771523124516:0
[  891969ms] [ERROR] Failed to load resource: net::ERR_CONNECTION_REFUSED @ https://www.clarity.ms/tag/tjwtkk7zk2:0
[  894459ms] [ERROR] Failed to load resource: net::ERR_CONNECTION_REFUSED @ https://www.googletagmanager.com/gtag/js?id=G-751EYB3T56:0
[  894486ms] [ERROR] Failed to load resource: net::ERR_CONNECTION_REFUSED @ https://static.cloudflareinsights.com/beacon.min.js/v8c78df7c7c0f484497ecbca7046644da1771523124516:0
[  894501ms] [ERROR] Failed to load resource: net::ERR_CONNECTION_REFUSED @ https://www.clarity.ms/tag/tjwtkk7zk2:0
[  894538ms] Uncaught TypeError: Cannot read properties of null (reading 'isContentEditable')
    at t (https://cdnjs.cloudflare.com/ajax/libs/imask/6.4.3/imask.min.js:0:41594)
    at M (https://cdnjs.cloudflare.com/ajax/libs/imask/6.4.3/imask.min.js:0:7847)
    at <anonymous> (https://www.ytuyildiz.store/profil/giris:1100:24)
[  894523ms] [VERBOSE] [DOM] Input elements should have autocomplete attributes (suggested: "current-password"): (More info: https://goo.gl/9p2vKq) %o @ https://www.ytuyildiz.store/profil/giris:0
[  896499ms] [ERROR] Failed to load resource: net::ERR_CONNECTION_REFUSED @ https://www.googletagmanager.com/gtag/js?id=G-751EYB3T56:0
[  896499ms] [ERROR] Failed to load resource: net::ERR_CONNECTION_REFUSED @ https://static.cloudflareinsights.com/beacon.min.js/v8c78df7c7c0f484497ecbca7046644da1771523124516:0
[  896531ms] [ERROR] Failed to load resource: net::ERR_CONNECTION_REFUSED @ https://www.clarity.ms/tag/tjwtkk7zk2:0
[  896548ms] Uncaught TypeError: Cannot read properties of null (reading 'isContentEditable')
    at t (https://cdnjs.cloudflare.com/ajax/libs/imask/6.4.3/imask.min.js:0:41594)
    at M (https://cdnjs.cloudflare.com/ajax/libs/imask/6.4.3/imask.min.js:0:7847)
    at <anonymous> (https://www.ytuyildiz.store/profil/giris:1100:24)
[  896548ms] [VERBOSE] [DOM] Input elements should have autocomplete attributes (suggested: "current-password"): (More info: https://goo.gl/9p2vKq) %o @ https://www.ytuyildiz.store/profil/giris:0
[  929174ms] [ERROR] Failed to load resource: net::ERR_CONNECTION_REFUSED @ https://www.googletagmanager.com/gtag/js?id=G-4WCLT5TY2F:0
[  929254ms] [ERROR] Failed to load resource: net::ERR_CONNECTION_REFUSED @ https://log.cookieyes.com/api/v1/log:0
[  929287ms] [ERROR] Failed to load resource: net::ERR_CONNECTION_REFUSED @ https://www.googletagmanager.com/gtm.js?id=GTM-PF57S8K:0
[  929871ms] [ERROR] Failed to load resource: net::ERR_CONNECTION_REFUSED @ https://tags.creativecdn.com/4NfrdcVtTiH2faZCPqQt.js:0
[  930026ms] [ERROR] Failed to load resource: net::ERR_CONNECTION_REFUSED @ https://www.facebook.com/privacy_sandbox/pixel/register/trigger/?id=318104475461771&ev=PageView&dl=https%3A%2F%2Fwunder.com.tr%2F&rl=&if=false&ts=1776938796989&sw=1366&sh=900&v=2.9.303&r=stable&ec=0&o=4126&fbp=fb.2.1776938002795.965983566944857710&ler=empty&cdl=API_unavailable&pmd[title]=WUNDER%20-%20Sneaker%2C%20Giyim%20ve%20daha%20fazlas%C4%B1&pmd[locale]=tr&pmd[description]=Sokak%20modas%C4%B1n%C4%B1n%20%C3%B6nc%C3%BC%20markalar%C4%B1n%C4%B1n%20sneaker%2C%20giyim%20ve%20aksesuar%20koleksiyonlar%C4%B1n%C4%B1%20incelemek%20ve%20g%C3%BCvenle%20sat%C4%B1n%20almak%20i%C3%A7in%20wunder.com%27u%20ke%C5%9Ffedin!&plt=759.4000000003725&it=1776938796905&coo=false&eid=1776938796851&expv2[0]=pl0&expv2[1]=el3&expv2[2]=bc1&expv2[3]=ra2&expv2[4]=rp2&expv2[5]=ct3&expv2[6]=hf0&rqm=FGET:0
[  930026ms] [ERROR] Failed to load resource: net::ERR_CONNECTION_REFUSED @ https://www.facebook.com/tr/?id=318104475461771&ev=PageView&dl=https%3A%2F%2Fwunder.com.tr%2F&rl=&if=false&ts=1776938796989&sw=1366&sh=900&v=2.9.303&r=stable&ec=0&o=4126&fbp=fb.2.1776938002795.965983566944857710&ler=empty&cdl=API_unavailable&pmd[title]=WUNDER%20-%20Sneaker%2C%20Giyim%20ve%20daha%20fazlas%C4%B1&pmd[locale]=tr&pmd[description]=Sokak%20modas%C4%B1n%C4%B1n%20%C3%B6nc%C3%BC%20markalar%C4%B1n%C4%B1n%20sneaker%2C%20giyim%20ve%20aksesuar%20koleksiyonlar%C4%B1n%C4%B1%20incelemek%20ve%20g%C3%BCvenle%20sat%C4%B1n%20almak%20i%C3%A7in%20wunder.com%27u%20ke%C5%9Ffedin!&plt=759.4000000003725&it=1776938796905&coo=false&eid=1776938796851&expv2[0]=pl0&expv2[1]=el3&expv2[2]=bc1&expv2[3]=ra2&expv2[4]=rp2&expv2[5]=ct3&expv2[6]=hf0&rqm=GET:0
[  947352ms] [ERROR] Failed to load resource: net::ERR_CONNECTION_REFUSED @ https://www.googletagmanager.com/gtag/js?id=G-4WCLT5TY2F:0
[  947472ms] [ERROR] Failed to load resource: net::ERR_CONNECTION_REFUSED @ https://log.cookieyes.com/api/v1/log:0
[  947472ms] [ERROR] Failed to load resource: net::ERR_CONNECTION_REFUSED @ https://www.googletagmanager.com/gtm.js?id=GTM-PF57S8K:0
[  947741ms] [ERROR] Failed to load resource: net::ERR_CONNECTION_REFUSED @ https://tags.creativecdn.com/4NfrdcVtTiH2faZCPqQt.js:0
[  947769ms] [ERROR] Failed to load resource: net::ERR_CONNECTION_REFUSED @ https://www.facebook.com/tr/?id=318104475461771&ev=PageView&dl=https%3A%2F%2Fwunder.com.tr%2F&rl=&if=false&ts=1776938814801&sw=1366&sh=900&v=2.9.303&r=stable&ec=0&o=4126&fbp=fb.2.1776938002795.965983566944857710&ler=empty&cdl=API_unavailable&pmd[title]=WUNDER%20-%20Sneaker%2C%20Giyim%20ve%20daha%20fazlas%C4%B1&pmd[locale]=tr&pmd[description]=Sokak%20modas%C4%B1n%C4%B1n%20%C3%B6nc%C3%BC%20markalar%C4%B1n%C4%B1n%20sneaker%2C%20giyim%20ve%20aksesuar%20koleksiyonlar%C4%B1n%C4%B1%20incelemek%20ve%20g%C3%BCvenle%20sat%C4%B1n%20almak%20i%C3%A7in%20wunder.com%27u%20ke%C5%9Ffedin!&plt=413.29999999981374&it=1776938814419&coo=false&eid=1776938814796&expv2[0]=pl1&expv2[1]=el2&expv2[2]=bc1&expv2[3]=ra2&expv2[4]=rp2&expv2[5]=ct3&expv2[6]=hf1&rqm=GET:0
[  947769ms] [ERROR] Failed to load resource: net::ERR_CONNECTION_REFUSED @ https://www.facebook.com/privacy_sandbox/pixel/register/trigger/?id=318104475461771&ev=PageView&dl=https%3A%2F%2Fwunder.com.tr%2F&rl=&if=false&ts=1776938814801&sw=1366&sh=900&v=2.9.303&r=stable&ec=0&o=4126&fbp=fb.2.1776938002795.965983566944857710&ler=empty&cdl=API_unavailable&pmd[title]=WUNDER%20-%20Sneaker%2C%20Giyim%20ve%20daha%20fazlas%C4%B1&pmd[locale]=tr&pmd[description]=Sokak%20modas%C4%B1n%C4%B1n%20%C3%B6nc%C3%BC%20markalar%C4%B1n%C4%B1n%20sneaker%2C%20giyim%20ve%20aksesuar%20koleksiyonlar%C4%B1n%C4%B1%20incelemek%20ve%20g%C3%BCvenle%20sat%C4%B1n%20almak%20i%C3%A7in%20wunder.com%27u%20ke%C5%9Ffedin!&plt=413.29999999981374&it=1776938814419&coo=false&eid=1776938814796&expv2[0]=pl1&expv2[1]=el2&expv2[2]=bc1&expv2[3]=ra2&expv2[4]=rp2&expv2[5]=ct3&expv2[6]=hf1&rqm=FGET:0
[  973461ms] [ERROR] Failed to load resource: net::ERR_CONNECTION_REFUSED @ https://www.googletagmanager.com/gtag/js?id=G-4WCLT5TY2F:0
[  973587ms] [ERROR] Failed to load resource: net::ERR_CONNECTION_REFUSED @ https://log.cookieyes.com/api/v1/log:0
[  973587ms] [ERROR] Failed to load resource: net::ERR_CONNECTION_REFUSED @ https://www.googletagmanager.com/gtm.js?id=GTM-PF57S8K:0
[  973899ms] [ERROR] Failed to load resource: net::ERR_CONNECTION_REFUSED @ https://tags.creativecdn.com/4NfrdcVtTiH2faZCPqQt.js:0
[  973932ms] [ERROR] Failed to load resource: net::ERR_CONNECTION_REFUSED @ https://www.facebook.com/tr/?id=318104475461771&ev=PageView&dl=https%3A%2F%2Fwunder.com.tr%2F&rl=&if=false&ts=1776938840957&sw=1366&sh=900&v=2.9.303&r=stable&ec=0&o=4126&fbp=fb.2.1776938002795.965983566944857710&ler=empty&cdl=API_unavailable&pmd[title]=WUNDER%20-%20Sneaker%2C%20Giyim%20ve%20daha%20fazlas%C4%B1&pmd[locale]=tr&pmd[description]=Sokak%20modas%C4%B1n%C4%B1n%20%C3%B6nc%C3%BC%20markalar%C4%B1n%C4%B1n%20sneaker%2C%20giyim%20ve%20aksesuar%20koleksiyonlar%C4%B1n%C4%B1%20incelemek%20ve%20g%C3%BCvenle%20sat%C4%B1n%20almak%20i%C3%A7in%20wunder.com%27u%20ke%C5%9Ffedin!&plt=463.5&it=1776938840527&coo=false&eid=1776938840952&expv2[0]=pl0&expv2[1]=el3&expv2[2]=bc1&expv2[3]=ra2&expv2[4]=rp2&expv2[5]=im1&expv2[6]=hf0&rqm=GET:0
[  973932ms] [ERROR] Failed to load resource: net::ERR_CONNECTION_REFUSED @ https://www.facebook.com/privacy_sandbox/pixel/register/trigger/?id=318104475461771&ev=PageView&dl=https%3A%2F%2Fwunder.com.tr%2F&rl=&if=false&ts=1776938840957&sw=1366&sh=900&v=2.9.303&r=stable&ec=0&o=4126&fbp=fb.2.1776938002795.965983566944857710&ler=empty&cdl=API_unavailable&pmd[title]=WUNDER%20-%20Sneaker%2C%20Giyim%20ve%20daha%20fazlas%C4%B1&pmd[locale]=tr&pmd[description]=Sokak%20modas%C4%B1n%C4%B1n%20%C3%B6nc%C3%BC%20markalar%C4%B1n%C4%B1n%20sneaker%2C%20giyim%20ve%20aksesuar%20koleksiyonlar%C4%B1n%C4%B1%20incelemek%20ve%20g%C3%BCvenle%20sat%C4%B1n%20almak%20i%C3%A7in%20wunder.com%27u%20ke%C5%9Ffedin!&plt=463.5&it=1776938840527&coo=false&eid=1776938840952&expv2[0]=pl0&expv2[1]=el3&expv2[2]=bc1&expv2[3]=ra2&expv2[4]=rp2&expv2[5]=im1&expv2[6]=hf0&rqm=FGET:0
[  977506ms] [VERBOSE] [DOM] Input elements should have autocomplete attributes (suggested: "current-password"): (More info: https://goo.gl/9p2vKq) %o @ https://wunder.com.tr/account/login:0
[  977523ms] [ERROR] Failed to load resource: net::ERR_CONNECTION_REFUSED @ https://www.facebook.com/tr/?id=318104475461771&ev=PageView&dl=https%3A%2F%2Fwunder.com.tr%2Faccount%2Flogin&rl=&if=false&ts=1776938844564&sw=1366&sh=900&v=2.9.303&r=stable&ec=1&o=4126&fbp=fb.2.1776938002795.965983566944857710&ler=empty&cdl=API_unavailable&pmd[title]=&pmd[locale]=4aa96622-be71-493d-b38a-42880dbe9d2f&pmd[description]=&plt=463.5&it=1776938840527&coo=false&eid=1776938844558&expv2[0]=pl0&expv2[1]=el2&expv2[2]=bc1&expv2[3]=ra2&expv2[4]=rp2&expv2[5]=im1&expv2[6]=hf0&rqm=GET:0
[  977523ms] [ERROR] Failed to load resource: net::ERR_CONNECTION_REFUSED @ https://www.facebook.com/privacy_sandbox/pixel/register/trigger/?id=318104475461771&ev=PageView&dl=https%3A%2F%2Fwunder.com.tr%2Faccount%2Flogin&rl=&if=false&ts=1776938844564&sw=1366&sh=900&v=2.9.303&r=stable&ec=1&o=4126&fbp=fb.2.1776938002795.965983566944857710&ler=empty&cdl=API_unavailable&pmd[title]=&pmd[locale]=4aa96622-be71-493d-b38a-42880dbe9d2f&pmd[description]=&plt=463.5&it=1776938840527&coo=false&eid=1776938844558&expv2[0]=pl0&expv2[1]=el2&expv2[2]=bc1&expv2[3]=ra2&expv2[4]=rp2&expv2[5]=im1&expv2[6]=hf0&rqm=FGET:0
[ 1002965ms] [ERROR] Failed to load resource: net::ERR_CONNECTION_REFUSED @ https://www.googletagmanager.com/gtag/js?id=G-4WCLT5TY2F:0
[ 1003088ms] [ERROR] Failed to load resource: net::ERR_CONNECTION_REFUSED @ https://log.cookieyes.com/api/v1/log:0
[ 1003090ms] [ERROR] Failed to load resource: net::ERR_CONNECTION_REFUSED @ https://www.googletagmanager.com/gtm.js?id=GTM-PF57S8K:0
[ 1003365ms] [ERROR] Failed to load resource: net::ERR_CONNECTION_REFUSED @ https://tags.creativecdn.com/4NfrdcVtTiH2faZCPqQt.js:0
[ 1003378ms] [ERROR] Failed to load resource: net::ERR_CONNECTION_REFUSED @ https://www.facebook.com/tr/?id=318104475461771&ev=PageView&dl=https%3A%2F%2Fwunder.com.tr%2F&rl=&if=false&ts=1776938870417&sw=1366&sh=900&v=2.9.303&r=stable&ec=0&o=4126&fbp=fb.2.1776938002795.965983566944857710&ler=empty&cdl=API_unavailable&pmd[title]=WUNDER%20-%20Sneaker%2C%20Giyim%20ve%20daha%20fazlas%C4%B1&pmd[locale]=tr&pmd[description]=Sokak%20modas%C4%B1n%C4%B1n%20%C3%B6nc%C3%BC%20markalar%C4%B1n%C4%B1n%20sneaker%2C%20giyim%20ve%20aksesuar%20koleksiyonlar%C4%B1n%C4%B1%20incelemek%20ve%20g%C3%BCvenle%20sat%C4%B1n%20almak%20i%C3%A7in%20wunder.com%27u%20ke%C5%9Ffedin!&plt=428.6000000005588&it=1776938870029&coo=false&eid=1776938870410&expv2[0]=pl0&expv2[1]=el3&expv2[2]=bc1&expv2[3]=ra2&expv2[4]=rp2&expv2[5]=im1&expv2[6]=hf1&rqm=GET:0
[ 1003378ms] [ERROR] Failed to load resource: net::ERR_CONNECTION_REFUSED @ https://www.facebook.com/privacy_sandbox/pixel/register/trigger/?id=318104475461771&ev=PageView&dl=https%3A%2F%2Fwunder.com.tr%2F&rl=&if=false&ts=1776938870417&sw=1366&sh=900&v=2.9.303&r=stable&ec=0&o=4126&fbp=fb.2.1776938002795.965983566944857710&ler=empty&cdl=API_unavailable&pmd[title]=WUNDER%20-%20Sneaker%2C%20Giyim%20ve%20daha%20fazlas%C4%B1&pmd[locale]=tr&pmd[description]=Sokak%20modas%C4%B1n%C4%B1n%20%C3%B6nc%C3%BC%20markalar%C4%B1n%C4%B1n%20sneaker%2C%20giyim%20ve%20aksesuar%20koleksiyonlar%C4%B1n%C4%B1%20incelemek%20ve%20g%C3%BCvenle%20sat%C4%B1n%20almak%20i%C3%A7in%20wunder.com%27u%20ke%C5%9Ffedin!&plt=428.6000000005588&it=1776938870029&coo=false&eid=1776938870410&expv2[0]=pl0&expv2[1]=el3&expv2[2]=bc1&expv2[3]=ra2&expv2[4]=rp2&expv2[5]=im1&expv2[6]=hf1&rqm=FGET:0
[ 1024435ms] [ERROR] Failed to load resource: net::ERR_CONNECTION_REFUSED @ https://www.googletagmanager.com/gtag/js?id=G-4WCLT5TY2F:0
[ 1024565ms] [ERROR] Failed to load resource: net::ERR_CONNECTION_REFUSED @ https://log.cookieyes.com/api/v1/log:0
[ 1024565ms] [ERROR] Failed to load resource: net::ERR_CONNECTION_REFUSED @ https://www.googletagmanager.com/gtm.js?id=GTM-PF57S8K:0
[ 1024894ms] [ERROR] Failed to load resource: net::ERR_CONNECTION_REFUSED @ https://tags.creativecdn.com/4NfrdcVtTiH2faZCPqQt.js:0
[ 1024897ms] [ERROR] Failed to load resource: net::ERR_CONNECTION_REFUSED @ https://www.facebook.com/tr/?id=318104475461771&ev=PageView&dl=https%3A%2F%2Fwunder.com.tr%2F&rl=&if=false&ts=1776938891937&sw=1366&sh=900&v=2.9.303&r=stable&ec=0&o=4126&fbp=fb.2.1776938002795.965983566944857710&ler=empty&cdl=API_unavailable&pmd[title]=WUNDER%20-%20Sneaker%2C%20Giyim%20ve%20daha%20fazlas%C4%B1&pmd[locale]=tr&pmd[description]=Sokak%20modas%C4%B1n%C4%B1n%20%C3%B6nc%C3%BC%20markalar%C4%B1n%C4%B1n%20sneaker%2C%20giyim%20ve%20aksesuar%20koleksiyonlar%C4%B1n%C4%B1%20incelemek%20ve%20g%C3%BCvenle%20sat%C4%B1n%20almak%20i%C3%A7in%20wunder.com%27u%20ke%C5%9Ffedin!&plt=465.1000000005588&it=1776938891506&coo=false&eid=1776938891929&expv2[0]=pl0&expv2[1]=el3&expv2[2]=bc1&expv2[3]=ra2&expv2[4]=rp2&expv2[5]=ct3&expv2[6]=hf0&expv2[7]=pt0&rqm=GET:0
[ 1024897ms] [ERROR] Failed to load resource: net::ERR_CONNECTION_REFUSED @ https://www.facebook.com/privacy_sandbox/pixel/register/trigger/?id=318104475461771&ev=PageView&dl=https%3A%2F%2Fwunder.com.tr%2F&rl=&if=false&ts=1776938891937&sw=1366&sh=900&v=2.9.303&r=stable&ec=0&o=4126&fbp=fb.2.1776938002795.965983566944857710&ler=empty&cdl=API_unavailable&pmd[title]=WUNDER%20-%20Sneaker%2C%20Giyim%20ve%20daha%20fazlas%C4%B1&pmd[locale]=tr&pmd[description]=Sokak%20modas%C4%B1n%C4%B1n%20%C3%B6nc%C3%BC%20markalar%C4%B1n%C4%B1n%20sneaker%2C%20giyim%20ve%20aksesuar%20koleksiyonlar%C4%B1n%C4%B1%20incelemek%20ve%20g%C3%BCvenle%20sat%C4%B1n%20almak%20i%C3%A7in%20wunder.com%27u%20ke%C5%9Ffedin!&plt=465.1000000005588&it=1776938891506&coo=false&eid=1776938891929&expv2[0]=pl0&expv2[1]=el3&expv2[2]=bc1&expv2[3]=ra2&expv2[4]=rp2&expv2[5]=ct3&expv2[6]=hf0&expv2[7]=pt0&rqm=FGET:0
[ 1049999ms] [ERROR] Failed to load resource: net::ERR_CONNECTION_REFUSED @ https://www.googletagmanager.com/gtag/js?id=G-4WCLT5TY2F:0
[ 1050126ms] [ERROR] Failed to load resource: net::ERR_CONNECTION_REFUSED @ https://log.cookieyes.com/api/v1/log:0
[ 1050127ms] [ERROR] Failed to load resource: net::ERR_CONNECTION_REFUSED @ https://www.googletagmanager.com/gtm.js?id=GTM-PF57S8K:0
[ 1050386ms] [ERROR] Failed to load resource: net::ERR_CONNECTION_REFUSED @ https://tags.creativecdn.com/4NfrdcVtTiH2faZCPqQt.js:0
[ 1050404ms] [ERROR] Failed to load resource: net::ERR_CONNECTION_REFUSED @ https://www.facebook.com/tr/?id=318104475461771&ev=PageView&dl=https%3A%2F%2Fwunder.com.tr%2F&rl=&if=false&ts=1776938917443&sw=1366&sh=900&v=2.9.303&r=stable&ec=0&o=4126&fbp=fb.2.1776938002795.965983566944857710&ler=empty&cdl=API_unavailable&pmd[title]=WUNDER%20-%20Sneaker%2C%20Giyim%20ve%20daha%20fazlas%C4%B1&pmd[locale]=tr&pmd[description]=Sokak%20modas%C4%B1n%C4%B1n%20%C3%B6nc%C3%BC%20markalar%C4%B1n%C4%B1n%20sneaker%2C%20giyim%20ve%20aksesuar%20koleksiyonlar%C4%B1n%C4%B1%20incelemek%20ve%20g%C3%BCvenle%20sat%C4%B1n%20almak%20i%C3%A7in%20wunder.com%27u%20ke%C5%9Ffedin!&plt=407&it=1776938917069&coo=false&eid=1776938917437&expv2[0]=pl0&expv2[1]=el2&expv2[2]=bc1&expv2[3]=ra2&expv2[4]=rp2&expv2[5]=ct3&expv2[6]=hf1&rqm=GET:0
[ 1050404ms] [ERROR] Failed to load resource: net::ERR_CONNECTION_REFUSED @ https://www.facebook.com/privacy_sandbox/pixel/register/trigger/?id=318104475461771&ev=PageView&dl=https%3A%2F%2Fwunder.com.tr%2F&rl=&if=false&ts=1776938917443&sw=1366&sh=900&v=2.9.303&r=stable&ec=0&o=4126&fbp=fb.2.1776938002795.965983566944857710&ler=empty&cdl=API_unavailable&pmd[title]=WUNDER%20-%20Sneaker%2C%20Giyim%20ve%20daha%20fazlas%C4%B1&pmd[locale]=tr&pmd[description]=Sokak%20modas%C4%B1n%C4%B1n%20%C3%B6nc%C3%BC%20markalar%C4%B1n%C4%B1n%20sneaker%2C%20giyim%20ve%20aksesuar%20koleksiyonlar%C4%B1n%C4%B1%20incelemek%20ve%20g%C3%BCvenle%20sat%C4%B1n%20almak%20i%C3%A7in%20wunder.com%27u%20ke%C5%9Ffedin!&plt=407&it=1776938917069&coo=false&eid=1776938917437&expv2[0]=pl0&expv2[1]=el2&expv2[2]=bc1&expv2[3]=ra2&expv2[4]=rp2&expv2[5]=ct3&expv2[6]=hf1&rqm=FGET:0
[ 1066647ms] [ERROR] Failed to load resource: net::ERR_CONNECTION_REFUSED @ https://www.googletagmanager.com/gtag/js?id=G-4WCLT5TY2F:0
[ 1066773ms] [ERROR] Failed to load resource: net::ERR_CONNECTION_REFUSED @ https://log.cookieyes.com/api/v1/log:0
[ 1066773ms] [ERROR] Failed to load resource: net::ERR_CONNECTION_REFUSED @ https://www.googletagmanager.com/gtm.js?id=GTM-PF57S8K:0
[ 1067064ms] [ERROR] Failed to load resource: net::ERR_CONNECTION_REFUSED @ https://tags.creativecdn.com/4NfrdcVtTiH2faZCPqQt.js:0
[ 1067102ms] [ERROR] Failed to load resource: net::ERR_CONNECTION_REFUSED @ https://www.facebook.com/tr/?id=318104475461771&ev=PageView&dl=https%3A%2F%2Fwunder.com.tr%2F&rl=&if=false&ts=1776938934135&sw=1366&sh=900&v=2.9.303&r=stable&ec=0&o=4126&fbp=fb.2.1776938002795.965983566944857710&ler=empty&cdl=API_unavailable&pmd[title]=WUNDER%20-%20Sneaker%2C%20Giyim%20ve%20daha%20fazlas%C4%B1&pmd[locale]=tr&pmd[description]=Sokak%20modas%C4%B1n%C4%B1n%20%C3%B6nc%C3%BC%20markalar%C4%B1n%C4%B1n%20sneaker%2C%20giyim%20ve%20aksesuar%20koleksiyonlar%C4%B1n%C4%B1%20incelemek%20ve%20g%C3%BCvenle%20sat%C4%B1n%20almak%20i%C3%A7in%20wunder.com%27u%20ke%C5%9Ffedin!&plt=444.90000000037253&it=1776938933715&coo=false&eid=1776938934126&expv2[0]=pl1&expv2[1]=el2&expv2[2]=bc1&expv2[3]=ra2&expv2[4]=rp2&expv2[5]=ct3&expv2[6]=hf1&rqm=GET:0
[ 1067102ms] [ERROR] Failed to load resource: net::ERR_CONNECTION_REFUSED @ https://www.facebook.com/privacy_sandbox/pixel/register/trigger/?id=318104475461771&ev=PageView&dl=https%3A%2F%2Fwunder.com.tr%2F&rl=&if=false&ts=1776938934135&sw=1366&sh=900&v=2.9.303&r=stable&ec=0&o=4126&fbp=fb.2.1776938002795.965983566944857710&ler=empty&cdl=API_unavailable&pmd[title]=WUNDER%20-%20Sneaker%2C%20Giyim%20ve%20daha%20fazlas%C4%B1&pmd[locale]=tr&pmd[description]=Sokak%20modas%C4%B1n%C4%B1n%20%C3%B6nc%C3%BC%20markalar%C4%B1n%C4%B1n%20sneaker%2C%20giyim%20ve%20aksesuar%20koleksiyonlar%C4%B1n%C4%B1%20incelemek%20ve%20g%C3%BCvenle%20sat%C4%B1n%20almak%20i%C3%A7in%20wunder.com%27u%20ke%C5%9Ffedin!&plt=444.90000000037253&it=1776938933715&coo=false&eid=1776938934126&expv2[0]=pl1&expv2[1]=el2&expv2[2]=bc1&expv2[3]=ra2&expv2[4]=rp2&expv2[5]=ct3&expv2[6]=hf1&rqm=FGET:0
