This is pdfTeX, Version 3.141592653-2.6-1.40.25 (TeX Live 2023/Debian) (preloaded format=pdflatex 2026.5.1)  12 MAY 2026 21:39
entering extended mode
 restricted \write18 enabled.
 file:line:error style messages enabled.
 %&-line parsing enabled.
**/home/naktudndrgl/Desktop/AybuStore/AYBUStore/work/aybustore_final_report4.te
x

(/home/naktudndrgl/Desktop/AybuStore/AYBUStore/work/aybustore_final_report4.tex
LaTeX2e <2023-11-01> patch level 1
L3 programming layer <2024-01-22>
(/usr/share/texlive/texmf-dist/tex/latex/base/article.cls
Document Class: article 2023/05/17 v1.4n Standard LaTeX document class
(/usr/share/texlive/texmf-dist/tex/latex/base/size11.clo
File: size11.clo 2023/05/17 v1.4n Standard LaTeX file (size option)
)
\c@part=\count187
\c@section=\count188
\c@subsection=\count189
\c@subsubsection=\count190
\c@paragraph=\count191
\c@subparagraph=\count192
\c@figure=\count193
\c@table=\count194
\abovecaptionskip=\skip48
\belowcaptionskip=\skip49
\bibindent=\dimen140
)
(/usr/share/texlive/texmf-dist/tex/latex/geometry/geometry.sty
Package: geometry 2020/01/02 v5.9 Page Geometry

(/usr/share/texlive/texmf-dist/tex/latex/graphics/keyval.sty
Package: keyval 2022/05/29 v1.15 key=value parser (DPC)
\KV@toks@=\toks17
)
(/usr/share/texlive/texmf-dist/tex/generic/iftex/ifvtex.sty
Package: ifvtex 2019/10/25 v1.7 ifvtex legacy package. Use iftex instead.

(/usr/share/texlive/texmf-dist/tex/generic/iftex/iftex.sty
Package: iftex 2022/02/03 v1.0f TeX engine tests
))
\Gm@cnth=\count195
\Gm@cntv=\count196
\c@Gm@tempcnt=\count197
\Gm@bindingoffset=\dimen141
\Gm@wd@mp=\dimen142
\Gm@odd@mp=\dimen143
\Gm@even@mp=\dimen144
\Gm@layoutwidth=\dimen145
\Gm@layoutheight=\dimen146
\Gm@layouthoffset=\dimen147
\Gm@layoutvoffset=\dimen148
\Gm@dimlist=\toks18
)
(/usr/share/texlive/texmf-dist/tex/latex/base/fontenc.sty
Package: fontenc 2021/04/29 v2.0v Standard LaTeX package
)
(/usr/share/texlive/texmf-dist/tex/latex/base/inputenc.sty
Package: inputenc 2021/02/14 v1.3d Input encoding file
\inpenc@prehook=\toks19
\inpenc@posthook=\toks20
)
(/usr/share/texmf/tex/latex/lm/lmodern.sty
Package: lmodern 2015/05/01 v1.6.1 Latin Modern Fonts
LaTeX Font Info:    Overwriting symbol font `operators' in version `normal'
(Font)                  OT1/cmr/m/n --> OT1/lmr/m/n on input line 22.
LaTeX Font Info:    Overwriting symbol font `letters' in version `normal'
(Font)                  OML/cmm/m/it --> OML/lmm/m/it on input line 23.
LaTeX Font Info:    Overwriting symbol font `symbols' in version `normal'
(Font)                  OMS/cmsy/m/n --> OMS/lmsy/m/n on input line 24.
LaTeX Font Info:    Overwriting symbol font `largesymbols' in version `normal'
(Font)                  OMX/cmex/m/n --> OMX/lmex/m/n on input line 25.
LaTeX Font Info:    Overwriting symbol font `operators' in version `bold'
(Font)                  OT1/cmr/bx/n --> OT1/lmr/bx/n on input line 26.
LaTeX Font Info:    Overwriting symbol font `letters' in version `bold'
(Font)                  OML/cmm/b/it --> OML/lmm/b/it on input line 27.
LaTeX Font Info:    Overwriting symbol font `symbols' in version `bold'
(Font)                  OMS/cmsy/b/n --> OMS/lmsy/b/n on input line 28.
LaTeX Font Info:    Overwriting symbol font `largesymbols' in version `bold'
(Font)                  OMX/cmex/m/n --> OMX/lmex/m/n on input line 29.
LaTeX Font Info:    Overwriting math alphabet `\mathbf' in version `normal'
(Font)                  OT1/cmr/bx/n --> OT1/lmr/bx/n on input line 31.
LaTeX Font Info:    Overwriting math alphabet `\mathsf' in version `normal'
(Font)                  OT1/cmss/m/n --> OT1/lmss/m/n on input line 32.
LaTeX Font Info:    Overwriting math alphabet `\mathit' in version `normal'
(Font)                  OT1/cmr/m/it --> OT1/lmr/m/it on input line 33.
LaTeX Font Info:    Overwriting math alphabet `\mathtt' in version `normal'
(Font)                  OT1/cmtt/m/n --> OT1/lmtt/m/n on input line 34.
LaTeX Font Info:    Overwriting math alphabet `\mathbf' in version `bold'
(Font)                  OT1/cmr/bx/n --> OT1/lmr/bx/n on input line 35.
LaTeX Font Info:    Overwriting math alphabet `\mathsf' in version `bold'
(Font)                  OT1/cmss/bx/n --> OT1/lmss/bx/n on input line 36.
LaTeX Font Info:    Overwriting math alphabet `\mathit' in version `bold'
(Font)                  OT1/cmr/bx/it --> OT1/lmr/bx/it on input line 37.
LaTeX Font Info:    Overwriting math alphabet `\mathtt' in version `bold'
(Font)                  OT1/cmtt/m/n --> OT1/lmtt/m/n on input line 38.
)
(/usr/share/texlive/texmf-dist/tex/latex/amsmath/amsmath.sty
Package: amsmath 2023/05/13 v2.17o AMS math features
\@mathmargin=\skip50

For additional information on amsmath, use the `?' option.
(/usr/share/texlive/texmf-dist/tex/latex/amsmath/amstext.sty
Package: amstext 2021/08/26 v2.01 AMS text

(/usr/share/texlive/texmf-dist/tex/latex/amsmath/amsgen.sty
File: amsgen.sty 1999/11/30 v2.0 generic functions
\@emptytoks=\toks21
\ex@=\dimen149
))
(/usr/share/texlive/texmf-dist/tex/latex/amsmath/amsbsy.sty
Package: amsbsy 1999/11/29 v1.2d Bold Symbols
\pmbraise@=\dimen150
)
(/usr/share/texlive/texmf-dist/tex/latex/amsmath/amsopn.sty
Package: amsopn 2022/04/08 v2.04 operator names
)
\inf@bad=\count198
LaTeX Info: Redefining \frac on input line 234.
\uproot@=\count199
\leftroot@=\count266
LaTeX Info: Redefining \overline on input line 399.
LaTeX Info: Redefining \colon on input line 410.
\classnum@=\count267
\DOTSCASE@=\count268
LaTeX Info: Redefining \ldots on input line 496.
LaTeX Info: Redefining \dots on input line 499.
LaTeX Info: Redefining \cdots on input line 620.
\Mathstrutbox@=\box51
\strutbox@=\box52
LaTeX Info: Redefining \big on input line 722.
LaTeX Info: Redefining \Big on input line 723.
LaTeX Info: Redefining \bigg on input line 724.
LaTeX Info: Redefining \Bigg on input line 725.
\big@size=\dimen151
LaTeX Font Info:    Redeclaring font encoding OML on input line 743.
LaTeX Font Info:    Redeclaring font encoding OMS on input line 744.
\macc@depth=\count269
LaTeX Info: Redefining \bmod on input line 905.
LaTeX Info: Redefining \pmod on input line 910.
LaTeX Info: Redefining \smash on input line 940.
LaTeX Info: Redefining \relbar on input line 970.
LaTeX Info: Redefining \Relbar on input line 971.
\c@MaxMatrixCols=\count270
\dotsspace@=\muskip16
\c@parentequation=\count271
\dspbrk@lvl=\count272
\tag@help=\toks22
\row@=\count273
\column@=\count274
\maxfields@=\count275
\andhelp@=\toks23
\eqnshift@=\dimen152
\alignsep@=\dimen153
\tagshift@=\dimen154
\tagwidth@=\dimen155
\totwidth@=\dimen156
\lineht@=\dimen157
\@envbody=\toks24
\multlinegap=\skip51
\multlinetaggap=\skip52
\mathdisplay@stack=\toks25
LaTeX Info: Redefining \[ on input line 2953.
LaTeX Info: Redefining \] on input line 2954.
)
(/usr/share/texlive/texmf-dist/tex/latex/amsfonts/amssymb.sty
Package: amssymb 2013/01/14 v3.01 AMS font symbols

(/usr/share/texlive/texmf-dist/tex/latex/amsfonts/amsfonts.sty
Package: amsfonts 2013/01/14 v3.01 Basic AMSFonts support
\symAMSa=\mathgroup4
\symAMSb=\mathgroup5
LaTeX Font Info:    Redeclaring math symbol \hbar on input line 98.
LaTeX Font Info:    Overwriting math alphabet `\mathfrak' in version `bold'
(Font)                  U/euf/m/n --> U/euf/b/n on input line 106.
))
(/usr/share/texlive/texmf-dist/tex/latex/graphics/graphicx.sty
Package: graphicx 2021/09/16 v1.2d Enhanced LaTeX Graphics (DPC,SPQR)

(/usr/share/texlive/texmf-dist/tex/latex/graphics/graphics.sty
Package: graphics 2022/03/10 v1.4e Standard LaTeX Graphics (DPC,SPQR)

(/usr/share/texlive/texmf-dist/tex/latex/graphics/trig.sty
Package: trig 2021/08/11 v1.11 sin cos tan (DPC)
)
(/usr/share/texlive/texmf-dist/tex/latex/graphics-cfg/graphics.cfg
File: graphics.cfg 2016/06/04 v1.11 sample graphics configuration
)
Package graphics Info: Driver file: pdftex.def on input line 107.

(/usr/share/texlive/texmf-dist/tex/latex/graphics-def/pdftex.def
File: pdftex.def 2022/09/22 v1.2b Graphics/color driver for pdftex
))
\Gin@req@height=\dimen158
\Gin@req@width=\dimen159
)
(/usr/share/texlive/texmf-dist/tex/latex/caption/caption.sty
Package: caption 2023/08/05 v3.6o Customizing captions (AR)

(/usr/share/texlive/texmf-dist/tex/latex/caption/caption3.sty
Package: caption3 2023/07/31 v2.4d caption3 kernel (AR)
\caption@tempdima=\dimen160
\captionmargin=\dimen161
\caption@leftmargin=\dimen162
\caption@rightmargin=\dimen163
\caption@width=\dimen164
\caption@indent=\dimen165
\caption@parindent=\dimen166
\caption@hangindent=\dimen167
Package caption Info: Standard document class detected.
)
\c@caption@flags=\count276
\c@continuedfloat=\count277
)
(/usr/share/texlive/texmf-dist/tex/latex/booktabs/booktabs.sty
Package: booktabs 2020/01/12 v1.61803398 Publication quality tables
\heavyrulewidth=\dimen168
\lightrulewidth=\dimen169
\cmidrulewidth=\dimen170
\belowrulesep=\dimen171
\belowbottomsep=\dimen172
\aboverulesep=\dimen173
\abovetopsep=\dimen174
\cmidrulesep=\dimen175
\cmidrulekern=\dimen176
\defaultaddspace=\dimen177
\@cmidla=\count278
\@cmidlb=\count279
\@aboverulesep=\dimen178
\@belowrulesep=\dimen179
\@thisruleclass=\count280
\@lastruleclass=\count281
\@thisrulewidth=\dimen180
)
(/usr/share/texlive/texmf-dist/tex/latex/tools/longtable.sty
Package: longtable 2023-11-01 v4.19 Multi-page Table package (DPC)
\LTleft=\skip53
\LTright=\skip54
\LTpre=\skip55
\LTpost=\skip56
\LTchunksize=\count282
\LTcapwidth=\dimen181
\LT@head=\box53
\LT@firsthead=\box54
\LT@foot=\box55
\LT@lastfoot=\box56
\LT@gbox=\box57
\LT@cols=\count283
\LT@rows=\count284
\c@LT@tables=\count285
\c@LT@chunks=\count286
\LT@p@ftn=\toks26
)
(/usr/share/texlive/texmf-dist/tex/latex/tools/tabularx.sty
Package: tabularx 2023/07/08 v2.11c `tabularx' package (DPC)

(/usr/share/texlive/texmf-dist/tex/latex/tools/array.sty
Package: array 2023/10/16 v2.5g Tabular extension package (FMi)
\col@sep=\dimen182
\ar@mcellbox=\box58
\extrarowheight=\dimen183
\NC@list=\toks27
\extratabsurround=\skip57
\backup@length=\skip58
\ar@cellbox=\box59
)
\TX@col@width=\dimen184
\TX@old@table=\dimen185
\TX@old@col=\dimen186
\TX@target=\dimen187
\TX@delta=\dimen188
\TX@cols=\count287
\TX@ftn=\toks28
)
(/usr/share/texlive/texmf-dist/tex/latex/enumitem/enumitem.sty
Package: enumitem 2019/06/20 v3.9 Customized lists
\labelindent=\skip59
\enit@outerparindent=\dimen189
\enit@toks=\toks29
\enit@inbox=\box60
\enit@count@id=\count288
\enitdp@description=\count289
)
(/usr/share/texlive/texmf-dist/tex/latex/hyperref/hyperref.sty
Package: hyperref 2024-01-20 v7.01h Hypertext links for LaTeX

(/usr/share/texlive/texmf-dist/tex/latex/kvsetkeys/kvsetkeys.sty
Package: kvsetkeys 2022-10-05 v1.19 Key value parser (HO)
)
(/usr/share/texlive/texmf-dist/tex/generic/kvdefinekeys/kvdefinekeys.sty
Package: kvdefinekeys 2019-12-19 v1.6 Define keys (HO)
)
(/usr/share/texlive/texmf-dist/tex/generic/pdfescape/pdfescape.sty
Package: pdfescape 2019/12/09 v1.15 Implements pdfTeX's escape features (HO)

(/usr/share/texlive/texmf-dist/tex/generic/ltxcmds/ltxcmds.sty
Package: ltxcmds 2023-12-04 v1.26 LaTeX kernel commands for general use (HO)
)
(/usr/share/texlive/texmf-dist/tex/generic/pdftexcmds/pdftexcmds.sty
Package: pdftexcmds 2020-06-27 v0.33 Utility functions of pdfTeX for LuaTeX (HO
)

(/usr/share/texlive/texmf-dist/tex/generic/infwarerr/infwarerr.sty
Package: infwarerr 2019/12/03 v1.5 Providing info/warning/error messages (HO)
)
Package pdftexcmds Info: \pdf@primitive is available.
Package pdftexcmds Info: \pdf@ifprimitive is available.
Package pdftexcmds Info: \pdfdraftmode found.
))
(/usr/share/texlive/texmf-dist/tex/latex/hycolor/hycolor.sty
Package: hycolor 2020-01-27 v1.10 Color options for hyperref/bookmark (HO)
)
(/usr/share/texlive/texmf-dist/tex/latex/auxhook/auxhook.sty
Package: auxhook 2019-12-17 v1.6 Hooks for auxiliary files (HO)
)
(/usr/share/texlive/texmf-dist/tex/latex/hyperref/nameref.sty
Package: nameref 2023-11-26 v2.56 Cross-referencing by name of section

(/usr/share/texlive/texmf-dist/tex/latex/refcount/refcount.sty
Package: refcount 2019/12/15 v3.6 Data extraction from label references (HO)
)
(/usr/share/texlive/texmf-dist/tex/generic/gettitlestring/gettitlestring.sty
Package: gettitlestring 2019/12/15 v1.6 Cleanup title references (HO)

(/usr/share/texlive/texmf-dist/tex/latex/kvoptions/kvoptions.sty
Package: kvoptions 2022-06-15 v3.15 Key value format for package options (HO)
))
\c@section@level=\count290
)
(/usr/share/texlive/texmf-dist/tex/latex/etoolbox/etoolbox.sty
Package: etoolbox 2020/10/05 v2.5k e-TeX tools for LaTeX (JAW)
\etb@tempcnta=\count291
)
\@linkdim=\dimen190
\Hy@linkcounter=\count292
\Hy@pagecounter=\count293

(/usr/share/texlive/texmf-dist/tex/latex/hyperref/pd1enc.def
File: pd1enc.def 2024-01-20 v7.01h Hyperref: PDFDocEncoding definition (HO)
Now handling font encoding PD1 ...
... no UTF-8 mapping file for font encoding PD1
)
(/usr/share/texlive/texmf-dist/tex/generic/intcalc/intcalc.sty
Package: intcalc 2019/12/15 v1.3 Expandable calculations with integers (HO)
)
\Hy@SavedSpaceFactor=\count294

(/usr/share/texlive/texmf-dist/tex/latex/hyperref/puenc.def
File: puenc.def 2024-01-20 v7.01h Hyperref: PDF Unicode definition (HO)
Now handling font encoding PU ...
... no UTF-8 mapping file for font encoding PU
)
Package hyperref Info: Hyper figures OFF on input line 4179.
Package hyperref Info: Link nesting OFF on input line 4184.
Package hyperref Info: Hyper index ON on input line 4187.
Package hyperref Info: Plain pages OFF on input line 4194.
Package hyperref Info: Backreferencing OFF on input line 4199.
Package hyperref Info: Implicit mode ON; LaTeX internals redefined.
Package hyperref Info: Bookmarks ON on input line 4446.
\c@Hy@tempcnt=\count295

(/usr/share/texlive/texmf-dist/tex/latex/url/url.sty
\Urlmuskip=\muskip17
Package: url 2013/09/16  ver 3.4  Verb mode for urls, etc.
)
LaTeX Info: Redefining \url on input line 4784.
\XeTeXLinkMargin=\dimen191

(/usr/share/texlive/texmf-dist/tex/generic/bitset/bitset.sty
Package: bitset 2019/12/09 v1.3 Handle bit-vector datatype (HO)

(/usr/share/texlive/texmf-dist/tex/generic/bigintcalc/bigintcalc.sty
Package: bigintcalc 2019/12/15 v1.5 Expandable calculations on big integers (HO
)
))
\Fld@menulength=\count296
\Field@Width=\dimen192
\Fld@charsize=\dimen193
Package hyperref Info: Hyper figures OFF on input line 6063.
Package hyperref Info: Link nesting OFF on input line 6068.
Package hyperref Info: Hyper index ON on input line 6071.
Package hyperref Info: backreferencing OFF on input line 6078.
Package hyperref Info: Link coloring OFF on input line 6083.
Package hyperref Info: Link coloring with OCG OFF on input line 6088.
Package hyperref Info: PDF/A mode OFF on input line 6093.

(/usr/share/texlive/texmf-dist/tex/latex/base/atbegshi-ltx.sty
Package: atbegshi-ltx 2021/01/10 v1.0c Emulation of the original atbegshi
package with kernel methods
)
\Hy@abspage=\count297
\c@Item=\count298
\c@Hfootnote=\count299
)
Package hyperref Info: Driver (autodetected): hpdftex.

(/usr/share/texlive/texmf-dist/tex/latex/hyperref/hpdftex.def
File: hpdftex.def 2024-01-20 v7.01h Hyperref driver for pdfTeX

(/usr/share/texlive/texmf-dist/tex/latex/base/atveryend-ltx.sty
Package: atveryend-ltx 2020/08/19 v1.0a Emulation of the original atveryend pac
kage
with kernel methods
)
\Fld@listcount=\count300
\c@bookmark@seq@number=\count301

(/usr/share/texlive/texmf-dist/tex/latex/rerunfilecheck/rerunfilecheck.sty
Package: rerunfilecheck 2022-07-10 v1.10 Rerun checks for auxiliary files (HO)

(/usr/share/texlive/texmf-dist/tex/generic/uniquecounter/uniquecounter.sty
Package: uniquecounter 2019/12/15 v1.4 Provide unlimited unique counter (HO)
)
Package uniquecounter Info: New unique counter `rerunfilecheck' on input line 2
85.
)
\Hy@SectionHShift=\skip60
)
(/usr/share/texlive/texmf-dist/tex/latex/xcolor/xcolor.sty
Package: xcolor 2023/11/15 v3.01 LaTeX color extensions (UK)

(/usr/share/texlive/texmf-dist/tex/latex/graphics-cfg/color.cfg
File: color.cfg 2016/01/02 v1.6 sample color configuration
)
Package xcolor Info: Driver file: pdftex.def on input line 274.

(/usr/share/texlive/texmf-dist/tex/latex/graphics/mathcolor.ltx)
Package xcolor Info: Model `cmy' substituted by `cmy0' on input line 1350.
Package xcolor Info: Model `hsb' substituted by `rgb' on input line 1354.
Package xcolor Info: Model `RGB' extended on input line 1366.
Package xcolor Info: Model `HTML' substituted by `rgb' on input line 1368.
Package xcolor Info: Model `Hsb' substituted by `hsb' on input line 1369.
Package xcolor Info: Model `tHsb' substituted by `hsb' on input line 1370.
Package xcolor Info: Model `HSB' substituted by `hsb' on input line 1371.
Package xcolor Info: Model `Gray' substituted by `gray' on input line 1372.
Package xcolor Info: Model `wave' substituted by `hsb' on input line 1373.
)
(/usr/share/texlive/texmf-dist/tex/latex/colortbl/colortbl.sty
Package: colortbl 2022/06/20 v1.0f Color table columns (DPC)
\everycr=\toks30
\minrowclearance=\skip61
\rownum=\count302
)
(/usr/share/texlive/texmf-dist/tex/latex/float/float.sty
Package: float 2001/11/08 v1.3d Float enhancements (AL)
\c@float@type=\count303
\float@exts=\toks31
\float@box=\box61
\@float@everytoks=\toks32
\@floatcapt=\box62
)
(/usr/share/texlive/texmf-dist/tex/latex/pdflscape/pdflscape.sty
Package: pdflscape 2022-10-27 v0.13 Display of landscape pages in PDF

(/usr/share/texlive/texmf-dist/tex/latex/pdflscape/pdflscape-nometadata.sty
Package: pdflscape-nometadata 2022-10-28 v0.13 Display of landscape pages in PD
F (HO)

(/usr/share/texlive/texmf-dist/tex/latex/graphics/lscape.sty
Package: lscape 2020/05/28 v3.02 Landscape Pages (DPC)
)
Package pdflscape Info: Auto-detected driver: pdftex on input line 81.
))
Package hyperref Info: Option `colorlinks' set `true' on input line 19.
LaTeX Font Info:    Trying to load font information for T1+lmr on input line 47
.

(/usr/share/texmf/tex/latex/lm/t1lmr.fd
File: t1lmr.fd 2015/05/01 v1.6.1 Font defs for Latin Modern
)
(/usr/share/texlive/texmf-dist/tex/latex/l3backend/l3backend-pdftex.def
File: l3backend-pdftex.def 2024-01-04 L3 backend support: PDF output (pdfTeX)
\l__color_backend_stack_int=\count304
\l__pdf_internal_box=\box63
)
(/home/naktudndrgl/Desktop/AybuStore/AYBUStore/work/aybustore_final_report4.aux
)
\openout1 = `aybustore_final_report4.aux'.

LaTeX Font Info:    Checking defaults for OML/cmm/m/it on input line 47.
LaTeX Font Info:    ... okay on input line 47.
LaTeX Font Info:    Checking defaults for OMS/cmsy/m/n on input line 47.
LaTeX Font Info:    ... okay on input line 47.
LaTeX Font Info:    Checking defaults for OT1/cmr/m/n on input line 47.
LaTeX Font Info:    ... okay on input line 47.
LaTeX Font Info:    Checking defaults for T1/cmr/m/n on input line 47.
LaTeX Font Info:    ... okay on input line 47.
LaTeX Font Info:    Checking defaults for TS1/cmr/m/n on input line 47.
LaTeX Font Info:    ... okay on input line 47.
LaTeX Font Info:    Checking defaults for OMX/cmex/m/n on input line 47.
LaTeX Font Info:    ... okay on input line 47.
LaTeX Font Info:    Checking defaults for U/cmr/m/n on input line 47.
LaTeX Font Info:    ... okay on input line 47.
LaTeX Font Info:    Checking defaults for PD1/pdf/m/n on input line 47.
LaTeX Font Info:    ... okay on input line 47.
LaTeX Font Info:    Checking defaults for PU/pdf/m/n on input line 47.
LaTeX Font Info:    ... okay on input line 47.

*geometry* driver: auto-detecting
*geometry* detected driver: pdftex
*geometry* verbose mode - [ preamble ] result:
* driver: pdftex
* paper: a4paper
* layout: <same size as paper>
* layoutoffset:(h,v)=(0.0pt,0.0pt)
* modes: 
* h-part:(L,W,R)=(57.81621pt, 481.87546pt, 57.81621pt)
* v-part:(T,H,B)=(57.81621pt, 729.41443pt, 57.81621pt)
* \paperwidth=597.50787pt
* \paperheight=845.04684pt
* \textwidth=481.87546pt
* \textheight=729.41443pt
* \oddsidemargin=-14.45378pt
* \evensidemargin=-14.45378pt
* \topmargin=-51.45378pt
* \headheight=12.0pt
* \headsep=25.0pt
* \topskip=11.0pt
* \footskip=30.0pt
* \marginparwidth=50.0pt
* \marginparsep=10.0pt
* \columnsep=10.0pt
* \skip\footins=10.0pt plus 4.0pt minus 2.0pt
* \hoffset=0.0pt
* \voffset=0.0pt
* \mag=1000
* \@twocolumnfalse
* \@twosidefalse
* \@mparswitchfalse
* \@reversemarginfalse
* (1in=72.27pt=25.4mm, 1cm=28.453pt)

(/usr/share/texlive/texmf-dist/tex/context/base/mkii/supp-pdf.mkii
[Loading MPS to PDF converter (version 2006.09.02).]
\scratchcounter=\count305
\scratchdimen=\dimen194
\scratchbox=\box64
\nofMPsegments=\count306
\nofMParguments=\count307
\everyMPshowfont=\toks33
\MPscratchCnt=\count308
\MPscratchDim=\dimen195
\MPnumerator=\count309
\makeMPintoPDFobject=\count310
\everyMPtoPDFconversion=\toks34
) (/usr/share/texlive/texmf-dist/tex/latex/epstopdf-pkg/epstopdf-base.sty
Package: epstopdf-base 2020-01-24 v2.11 Base part for package epstopdf
Package epstopdf-base Info: Redefining graphics rule for `.eps' on input line 4
85.

(/usr/share/texlive/texmf-dist/tex/latex/latexconfig/epstopdf-sys.cfg
File: epstopdf-sys.cfg 2010/07/13 v1.3 Configuration of (r)epstopdf for TeX Liv
e
))
Package caption Info: Begin \AtBeginDocument code.
Package caption Info: float package is loaded.
Package caption Info: hyperref package is loaded.
Package caption Info: longtable package is loaded.

(/usr/share/texlive/texmf-dist/tex/latex/caption/ltcaption.sty
Package: ltcaption 2021/01/08 v1.4c longtable captions (AR)
)
Package caption Info: End \AtBeginDocument code.
Package hyperref Info: Link coloring ON on input line 47.

(/home/naktudndrgl/Desktop/AybuStore/AYBUStore/work/aybustore_final_report4.out
)
(/home/naktudndrgl/Desktop/AybuStore/AYBUStore/work/aybustore_final_report4.out
)
\@outlinefile=\write3
\openout3 = `aybustore_final_report4.out'.

LaTeX Font Info:    Trying to load font information for OT1+lmr on input line 5
0.
 (/usr/share/texmf/tex/latex/lm/ot1lmr.fd
File: ot1lmr.fd 2015/05/01 v1.6.1 Font defs for Latin Modern
)
LaTeX Font Info:    Trying to load font information for OML+lmm on input line 5
0.

(/usr/share/texmf/tex/latex/lm/omllmm.fd
File: omllmm.fd 2015/05/01 v1.6.1 Font defs for Latin Modern
)
LaTeX Font Info:    Trying to load font information for OMS+lmsy on input line 
50.

(/usr/share/texmf/tex/latex/lm/omslmsy.fd
File: omslmsy.fd 2015/05/01 v1.6.1 Font defs for Latin Modern
)
LaTeX Font Info:    Trying to load font information for OMX+lmex on input line 
50.

(/usr/share/texmf/tex/latex/lm/omxlmex.fd
File: omxlmex.fd 2015/05/01 v1.6.1 Font defs for Latin Modern
)
LaTeX Font Info:    External font `lmex10' loaded for size
(Font)              <12> on input line 50.
LaTeX Font Info:    External font `lmex10' loaded for size
(Font)              <8> on input line 50.
LaTeX Font Info:    External font `lmex10' loaded for size
(Font)              <6> on input line 50.
LaTeX Font Info:    Trying to load font information for U+msa on input line 50.


(/usr/share/texlive/texmf-dist/tex/latex/amsfonts/umsa.fd
File: umsa.fd 2013/01/14 v3.01 AMS symbols A
)
LaTeX Font Info:    Trying to load font information for U+msb on input line 50.


(/usr/share/texlive/texmf-dist/tex/latex/amsfonts/umsb.fd
File: umsb.fd 2013/01/14 v3.01 AMS symbols B
)
LaTeX Font Info:    Trying to load font information for TS1+lmr on input line 6
2.

(/usr/share/texmf/tex/latex/lm/ts1lmr.fd
File: ts1lmr.fd 2015/05/01 v1.6.1 Font defs for Latin Modern
) [1

{/var/lib/texmf/fonts/map/pdftex/updmap/pdftex.map}{/usr/share/texmf/fonts/enc/
dvips/lm/lm-ec.enc}{/usr/share/texmf/fonts/enc/dvips/lm/lm-ts1.enc}]
Overfull \hbox (6.8199pt too wide) in paragraph at lines 73--74
[]\T1/lmr/bx/n/10.95 Dinh & Tran (2023) \T1/lmr/m/n/10.95 demon-strates a hy-br
id university-information chat-bot, but not transaction-
 []

[2]
LaTeX Font Info:    External font `lmex10' loaded for size
(Font)              <10> on input line 100.
LaTeX Font Info:    External font `lmex10' loaded for size
(Font)              <7> on input line 100.
LaTeX Font Info:    External font `lmex10' loaded for size
(Font)              <5> on input line 100.

Underfull \hbox (badness 10000) in paragraph at lines 108--108
[]|\T1/lmr/m/n/10 Increase cross-campus
 []


Underfull \hbox (badness 10000) in paragraph at lines 113--114
\T1/lmr/m/n/10 peripheral-campus
 []


Underfull \hbox (badness 10000) in paragraph at lines 113--114
\T1/lmr/m/n/10 ac-tive uti-liza-tion
 []


Underfull \hbox (badness 10000) in paragraph at lines 113--114
\T1/lmr/m/n/10 least 300 ac-tive
 []


Underfull \hbox (badness 10000) in paragraph at lines 116--116
[]|\T1/lmr/m/n/10 Ensure se-cure ac-cess
 []


Underfull \hbox (badness 10000) in paragraph at lines 120--121
\T1/lmr/m/n/10 users au-then-ti-cate
 []


Underfull \hbox (badness 4940) in paragraph at lines 120--121
\T1/lmr/m/n/10 zero crit-i-cal auth
 []


Underfull \hbox (badness 1831) in paragraph at lines 120--121
\T1/lmr/m/n/10 by-pass find-ings in
 []


Underfull \hbox (badness 10000) in paragraph at lines 123--123
[]|\T1/lmr/m/n/10 Improve plat-form re-
 []


Underfull \hbox (badness 1424) in paragraph at lines 124--126
[]|\T1/lmr/m/n/10 Optimize store-front ren-der-ing and in-ter-
 []


Underfull \hbox (badness 1668) in paragraph at lines 127--128
[]|\T1/lmr/m/n/10 At least 40% im-
 []


Underfull \hbox (badness 10000) in paragraph at lines 127--128
\T1/lmr/m/n/10 prove-ment ver-sus
 []


Underfull \hbox (badness 10000) in paragraph at lines 127--128
\T1/lmr/m/n/10 base-line (ap-prox.
 []


Underfull \hbox (badness 3000) in paragraph at lines 134--135
[]|\T1/lmr/m/n/10 At least 60% re-
 []


Underfull \hbox (badness 10000) in paragraph at lines 134--135
\T1/lmr/m/n/10 duc-tion in first
 []


Underfull \hbox (badness 1102) in paragraph at lines 134--135
\T1/lmr/m/n/10 re-sponse time and
 []


Underfull \hbox (badness 4479) in paragraph at lines 134--135
\T1/lmr/m/n/10 at least 45% re-
 []


Underfull \hbox (badness 10000) in paragraph at lines 134--135
\T1/lmr/m/n/10 issue-resolution
 []


Underfull \hbox (badness 4144) in paragraph at lines 134--135
\T1/lmr/m/n/10 time ver-sus base-
 []


Underfull \hbox (badness 10000) in paragraph at lines 140--141
[]|\T1/lmr/m/n/10 99.9% ser-vice
 []


Underfull \hbox (badness 10000) in paragraph at lines 140--141
\T1/lmr/m/n/10 up-time dur-ing
 []


Underfull \hbox (badness 2452) in paragraph at lines 140--141
\T1/lmr/m/n/10 pi-lot win-dow, 0%
 []


Underfull \hbox (badness 10000) in paragraph at lines 140--141
\T1/lmr/m/n/10 transaction-level
 []


Underfull \hbox (badness 10000) in paragraph at lines 140--141
\T1/lmr/m/n/10 ble op-er-a-tion at
 []


Underfull \hbox (badness 4940) in paragraph at lines 140--141
\T1/lmr/m/n/10 de-fined peak test
 []

[3{/usr/share/texmf/fonts/enc/dvips/lm/lm-mathsy.enc}{/usr/share/texmf/fonts/en
c/dvips/lm/lm-rm.enc}{/usr/share/texmf/fonts/enc/dvips/lm/lm-mathit.enc}]
Overfull \hbox (2.91711pt too wide) in paragraph at lines 168--171
[]\T1/lmr/bx/n/10.95 Pilot eval-u-a-tion in-stru-men-ta-tion \T1/lmr/m/n/10.95 
--- col-lec-tion of TTI, access-utilization, and support-resolution
 []


Underfull \hbox (badness 2591) in paragraph at lines 223--226
[]|\T1/lmr/m/n/10 UI/UX re-quire-ments are ex-pected
 []


Underfull \hbox (badness 1082) in paragraph at lines 229--231
[]|\T1/lmr/m/n/10 Overhead of full risk-driven cy-cles
 []


Underfull \hbox (badness 5985) in paragraph at lines 233--233
[]|\T1/lmr/bx/n/10 Agile / Scrum
 []


Underfull \hbox (badness 1694) in paragraph at lines 233--236
[]|\T1/lmr/m/n/10 Two-week sprints align with aca-demic
 []

[4]
Underfull \hbox (badness 10000) in paragraph at lines 269--269
[]|[]\T1/lmr/bx/n/10 WBS
 []


Underfull \hbox (badness 1178) in paragraph at lines 277--277
[]|\T1/lmr/m/n/10 Stakeholder & vi-sion work-
 []


Underfull \hbox (badness 10000) in paragraph at lines 283--283
[]|\T1/lmr/bx/n/10 Requirements En-gi-neer-
 []


Underfull \hbox (badness 6188) in paragraph at lines 286--286
[]|\T1/lmr/m/n/10 Functional re-quire-ments &
 []


Underfull \hbox (badness 6493) in paragraph at lines 286--287
[]|\T1/lmr/m/n/10 Catalogue, cart/checkout, ac-counts, in-ven-tory, track-
 []


Underfull \hbox (badness 10000) in paragraph at lines 306--309
[]|\T1/lmr/m/n/10 Iterative de-vel-op-ment across 7 two-week sprints
 []


Underfull \hbox (badness 2529) in paragraph at lines 306--309
\T1/lmr/m/n/10 (documentation-only de-liv-er-able means cod-ing pro-duces
 []


Underfull \hbox (badness 1168) in paragraph at lines 328--328
[]|\T1/lmr/m/n/10 Final doc-u-men-ta-tion & de-
 []

[5]
Underfull \hbox (badness 10000) in paragraph at lines 368--368
[]|\T1/lmr/m/n/8 2.0 Re-quire-ments
 []


Underfull \hbox (badness 10000) in paragraph at lines 370--370
[]|\T1/lmr/m/n/8 4.1 Au-then-ti-ca-tion
 []


Underfull \hbox (badness 10000) in paragraph at lines 371--371
[]|\T1/lmr/m/n/8 4.2 Cat-a-logue &
 []

[6]
Underfull \hbox (badness 10000) in paragraph at lines 417--417
[]|[]\T1/lmr/bx/n/10 Estimated
 []

[7]
LaTeX Font Info:    External font `lmex10' loaded for size
(Font)              <10.95> on input line 443.

Underfull \hbox (badness 1824) in paragraph at lines 493--493
[]|\T1/lmr/m/n/10 Infrastructure (Fire-base Spark/Blaze,
 []

[8]
LaTeX Font Info:    External font `lmex10' loaded for size
(Font)              <9> on input line 518.

Overfull \hbox (1.76956pt too wide) in paragraph at lines 523--523
[]|[]\T1/lmr/bx/n/9 Prob.[]| 
 []


Overfull \hbox (2.39491pt too wide) in paragraph at lines 525--525
[]|[]\T1/lmr/bx/n/9 Expos.[]| 
 []


Overfull \hbox (6.79274pt too wide) in paragraph at lines 527--527
[]|[]\T1/lmr/bx/n/9 Owner[]| 
 []


Underfull \hbox (badness 1052) in paragraph at lines 529--531
[]|\T1/lmr/m/n/9 Campus-routing and no-
 []


Underfull \hbox (badness 1478) in paragraph at lines 529--531
\T1/lmr/m/n/9 ti-fi-ca-tion in-te-gra-tion de-
 []


Underfull \hbox (badness 7291) in paragraph at lines 537--538
[]|\T1/lmr/m/n/9 Scope creep --- stake-
 []


Underfull \hbox (badness 3525) in paragraph at lines 537--538
\T1/lmr/m/n/9 fea-tures (loy-alty, multi-
 []


Underfull \hbox (badness 10000) in paragraph at lines 539--541
[]|\T1/lmr/m/n/9 Maintain a strict MoSCoW-
 []


Underfull \hbox (badness 10000) in paragraph at lines 544--545
[]|\T1/lmr/m/n/9 Team-member un-avail-
 []


Underfull \hbox (badness 2020) in paragraph at lines 544--545
\T1/lmr/m/n/9 abil-ity --- ill-ness, exam
 []


Underfull \hbox (badness 1472) in paragraph at lines 544--545
\T1/lmr/m/n/9 re-duce ef-fec-tive ca-pac-ity
 []


Underfull \hbox (badness 10000) in paragraph at lines 551--553
[]|\T1/lmr/m/n/9 Security and data-
 []


Underfull \hbox (badness 10000) in paragraph at lines 551--553
\T1/lmr/m/n/9 protection breaches
 []


Underfull \hbox (badness 10000) in paragraph at lines 551--553
\T1/lmr/m/n/9 --- leaked cre-den-tials,
 []


Underfull \hbox (badness 2103) in paragraph at lines 553--556
\T1/lmr/m/n/9 only in en-vi-ron-ment vari-ables;
 []


Underfull \hbox (badness 10000) in paragraph at lines 559--561
[]|\T1/lmr/m/n/9 Performance bot-tle-necks
 []


Underfull \hbox (badness 1325) in paragraph at lines 559--561
\T1/lmr/m/n/9 store queries, unin-dexed
 []


Underfull \hbox (badness 6825) in paragraph at lines 559--561
\T1/lmr/m/n/9 search, or un-op-ti-mized
 []


Underfull \hbox (badness 1418) in paragraph at lines 568--571
[]|\T1/lmr/m/n/9 Adopt test-as-you-build: ev-ery
 []


Underfull \hbox (badness 2096) in paragraph at lines 573--574
[]|\T1/lmr/m/n/9 Third-party ser-vice out-
 []


Underfull \hbox (badness 6510) in paragraph at lines 573--574
\T1/lmr/m/n/9 ti-fi-ca-tion ser-vice down-
 []


Underfull \hbox (badness 4279) in paragraph at lines 579--581
[]|\T1/lmr/m/n/9 Documentation drift ---
 []


Underfull \hbox (badness 10000) in paragraph at lines 579--581
\T1/lmr/m/n/9 code evolves through
 []


Underfull \hbox (badness 3471) in paragraph at lines 579--581
\T1/lmr/m/n/9 fi-nal documentation-only
 []

[9] [10]
<./diagrams_aybustore/use_case_diagram.pdf, id=167, 1358.67598pt x 817.77144pt>

File: ./diagrams_aybustore/use_case_diagram.pdf Graphic file (type pdf)
<use ./diagrams_aybustore/use_case_diagram.pdf>
Package pdftex.def Info: ./diagrams_aybustore/use_case_diagram.pdf  used on inp
ut line 605.
(pdftex.def)             Requested size: 656.51073pt x 395.14624pt.


Package caption Warning: The option `hypcap=true' will be ignored for this
(caption)                particular \caption on input line 606.
See the caption package documentation for explanation.

[11

 </home/naktudndrgl/Desktop/AybuStore/AYBUStore/work/./diagrams_aybustore/use_c
ase_diagram.pdf>]

pdfTeX warning: pdflatex (file /home/naktudndrgl/Desktop/AybuStore/AYBUStore/wo
rk/./diagrams_aybustore/class_diagram.pdf): PDF inclusion: found PDF version <1
.7>, but at most version <1.5> allowed
<./diagrams_aybustore/class_diagram.pdf, id=277, 648.92438pt x 413.29407pt>
File: ./diagrams_aybustore/class_diagram.pdf Graphic file (type pdf)
<use ./diagrams_aybustore/class_diagram.pdf>
Package pdftex.def Info: ./diagrams_aybustore/class_diagram.pdf  used on input 
line 623.
(pdftex.def)             Requested size: 433.68497pt x 276.21188pt.

Package caption Warning: The option `hypcap=true' will be ignored for this
(caption)                particular \caption on input line 624.
See the caption package documentation for explanation.



pdfTeX warning: pdflatex (file /home/naktudndrgl/Desktop/AybuStore/AYBUStore/wo
rk/./diagrams_aybustore/sequence_auth.pdf): PDF inclusion: found PDF version <1
.7>, but at most version <1.5> allowed
<./diagrams_aybustore/sequence_auth.pdf, id=278, 733.23938pt x 650.43pt>
File: ./diagrams_aybustore/sequence_auth.pdf Graphic file (type pdf)
<use ./diagrams_aybustore/sequence_auth.pdf>
Package pdftex.def Info: ./diagrams_aybustore/sequence_auth.pdf  used on input 
line 628.
(pdftex.def)             Requested size: 385.50183pt x 341.96718pt.

Package caption Warning: The option `hypcap=true' will be ignored for this
(caption)                particular \caption on input line 629.
See the caption package documentation for explanation.

[12


 </home/naktudndrgl/Desktop/AybuStore/AYBUStore/work/./diagrams_aybustore/class
_diagram.pdf>]

pdfTeX warning: pdflatex (file /home/naktudndrgl/Desktop/AybuStore/AYBUStore/wo
rk/./diagrams_aybustore/activity_diagram.pdf): PDF inclusion: found PDF version
 <1.7>, but at most version <1.5> allowed
<./diagrams_aybustore/activity_diagram.pdf, id=303, 344.03531pt x 572.1375pt>
File: ./diagrams_aybustore/activity_diagram.pdf Graphic file (type pdf)
<use ./diagrams_aybustore/activity_diagram.pdf>
Package pdftex.def Info: ./diagrams_aybustore/activity_diagram.pdf  used on inp
ut line 633.
(pdftex.def)             Requested size: 385.50183pt x 641.09517pt.

Package caption Warning: The option `hypcap=true' will be ignored for this
(caption)                particular \caption on input line 634.
See the caption package documentation for explanation.

[13 </home/naktudndrgl/Desktop/AybuStore/AYBUStore/work/./diagrams_aybustore/se
quence_auth.pdf>] [14 </home/naktudndrgl/Desktop/AybuStore/AYBUStore/work/./dia
grams_aybustore/activity_diagram.pdf>] [15] [16]
LaTeX Font Info:    Trying to load font information for T1+lmtt on input line 6
73.

(/usr/share/texmf/tex/latex/lm/t1lmtt.fd
File: t1lmtt.fd 2015/05/01 v1.6.1 Font defs for Latin Modern
) [17]
(/home/naktudndrgl/Desktop/AybuStore/AYBUStore/work/aybustore_final_report4.aux
)
 ***********
LaTeX2e <2023-11-01> patch level 1
L3 programming layer <2024-01-22>
 ***********
Package rerunfilecheck Info: File `aybustore_final_report4.out' has not changed
.
(rerunfilecheck)             Checksum: A0F91C3CA2000CF7944FAE053C80E719;3686.
 ) 
Here is how much of TeX's memory you used:
 13371 strings out of 476182
 210741 string characters out of 5795596
 1966975 words of memory out of 5000000
 35068 multiletter control sequences out of 15000+600000
 653412 words of font info for 106 fonts, out of 8000000 for 9000
 14 hyphenation exceptions out of 8191
 75i,14n,79p,1222b,650s stack positions out of 10000i,1000n,20000p,200000b,200000s
</usr/share/texmf/fonts/type1/public/lm/lmbsy10.pfb></usr/share/texmf/fonts/t
ype1/public/lm/lmbx10.pfb></usr/share/texmf/fonts/type1/public/lm/lmbx12.pfb></
usr/share/texmf/fonts/type1/public/lm/lmbx8.pfb></usr/share/texmf/fonts/type1/p
ublic/lm/lmbx9.pfb></usr/share/texmf/fonts/type1/public/lm/lmmi10.pfb></usr/sha
re/texmf/fonts/type1/public/lm/lmmi7.pfb></usr/share/texmf/fonts/type1/public/l
m/lmr10.pfb></usr/share/texmf/fonts/type1/public/lm/lmr12.pfb></usr/share/texmf
/fonts/type1/public/lm/lmr7.pfb></usr/share/texmf/fonts/type1/public/lm/lmr8.pf
b></usr/share/texmf/fonts/type1/public/lm/lmr9.pfb></usr/share/texmf/fonts/type
1/public/lm/lmri10.pfb></usr/share/texmf/fonts/type1/public/lm/lmsy10.pfb></usr
/share/texmf/fonts/type1/public/lm/lmtt10.pfb>
Output written on /home/naktudndrgl/Desktop/AybuStore/AYBUStore/work/aybustore_
final_report4.pdf (17 pages, 465522 bytes).
PDF statistics:
 464 PDF objects out of 1000 (max. 8388607)
 299 compressed objects within 3 object streams
 75 named destinations out of 1000 (max. 500000)
 205 words of extra memory for PDF output out of 10000 (max. 10000000)

