\BOOKMARK [1][-]{section.1}{\376\377\000A\000b\000s\000t\000r\000a\000c\000t}{}% 1
\BOOKMARK [1][-]{section.2}{\376\377\000P\000r\000o\000b\000l\000e\000m\000\040\000D\000e\000f\000i\000n\000i\000t\000i\000o\000n\000\040\000\046\000\040\000M\000o\000t\000i\000v\000a\000t\000i\000o\000n}{}% 2
\BOOKMARK [1][-]{section.3}{\376\377\000L\000i\000t\000e\000r\000a\000t\000u\000r\000e\000\040\000R\000e\000v\000i\000e\000w}{}% 3
\BOOKMARK [1][-]{section.4}{\376\377\000O\000b\000j\000e\000c\000t\000i\000v\000e\000s\000\040\000\046\000\040\000S\000c\000o\000p\000e}{}% 4
\BOOKMARK [2][-]{subsection.4.1}{\376\377\000P\000r\000o\000j\000e\000c\000t\000\040\000O\000b\000j\000e\000c\000t\000i\000v\000e\000s}{section.4}% 5
\BOOKMARK [2][-]{subsection.4.2}{\376\377\000I\000n\000-\000S\000c\000o\000p\000e\000\040\000C\000a\000p\000a\000b\000i\000l\000i\000t\000i\000e\000s}{section.4}% 6
\BOOKMARK [2][-]{subsection.4.3}{\376\377\000O\000u\000t\000-\000o\000f\000-\000S\000c\000o\000p\000e\000\040\000I\000t\000e\000m\000s}{section.4}% 7
\BOOKMARK [1][-]{section.5}{\376\377\000M\000e\000t\000h\000o\000d\000o\000l\000o\000g\000y\000\040\000\046\000\040\000D\000e\000v\000e\000l\000o\000p\000m\000e\000n\000t\000\040\000P\000l\000a\000n}{}% 8
\BOOKMARK [2][-]{subsection.5.1}{\376\377\000S\000o\000f\000t\000w\000a\000r\000e\000\040\000D\000e\000v\000e\000l\000o\000p\000m\000e\000n\000t\000\040\000L\000i\000f\000e\000c\000y\000c\000l\000e}{section.5}% 9
\BOOKMARK [2][-]{subsection.5.2}{\376\377\000W\000o\000r\000k\000\040\000B\000r\000e\000a\000k\000d\000o\000w\000n\000\040\000S\000t\000r\000u\000c\000t\000u\000r\000e\000\040\000\050\000W\000B\000S\000\051}{section.5}% 10
\BOOKMARK [2][-]{subsection.5.3}{\376\377\000G\000a\000n\000t\000t\000\040\000C\000h\000a\000r\000t}{section.5}% 11
\BOOKMARK [2][-]{subsection.5.4}{\376\377\000E\000f\000f\000o\000r\000t\000\040\000a\000n\000d\000\040\000C\000o\000s\000t\000\040\000E\000s\000t\000i\000m\000a\000t\000i\000o\000n}{section.5}% 12
\BOOKMARK [2][-]{subsection.5.5}{\376\377\000R\000i\000s\000k\000\040\000M\000a\000n\000a\000g\000e\000m\000e\000n\000t}{section.5}% 13
\BOOKMARK [1][-]{section.6}{\376\377\000R\000e\000q\000u\000i\000r\000e\000m\000e\000n\000t\000s\000\040\000S\000p\000e\000c\000i\000f\000i\000c\000a\000t\000i\000o\000n\000\040\000\050\000S\000R\000S\000\051}{}% 14
\BOOKMARK [2][-]{subsection.6.1}{\376\377\000U\000s\000e\000\040\000C\000a\000s\000e\000\040\000D\000i\000a\000g\000r\000a\000m}{section.6}% 15
\BOOKMARK [2][-]{subsection.6.2}{\376\377\000U\000s\000e\000r\000\040\000S\000t\000o\000r\000i\000e\000s}{section.6}% 16
\BOOKMARK [1][-]{section.7}{\376\377\000S\000y\000s\000t\000e\000m\000\040\000D\000e\000s\000i\000g\000n\000\040\000\046\000\040\000A\000r\000c\000h\000i\000t\000e\000c\000t\000u\000r\000e}{}% 17
\BOOKMARK [2][-]{subsection.7.1}{\376\377\000U\000M\000L\000\040\000D\000i\000a\000g\000r\000a\000m\000s}{section.7}% 18
\BOOKMARK [2][-]{subsection.7.2}{\376\377\000G\000o\000F\000\040\000D\000e\000s\000i\000g\000n\000\040\000P\000a\000t\000t\000e\000r\000n\000s\000\040\000\046\000\040\000S\000O\000L\000I\000D}{section.7}% 19
\BOOKMARK [1][-]{section.8}{\376\377\000E\000x\000p\000e\000c\000t\000e\000d\000\040\000O\000u\000t\000c\000o\000m\000e\000s\000\040\000\046\000\040\000E\000v\000a\000l\000u\000a\000t\000i\000o\000n}{}% 20
\BOOKMARK [2][-]{subsection.8.1}{\376\377\000A\000c\000c\000e\000p\000t\000a\000n\000c\000e\000\040\000T\000e\000s\000t\000\040\000P\000l\000a\000n}{section.8}% 21
\BOOKMARK [1][-]{section.9}{\376\377\000C\000o\000n\000c\000l\000u\000s\000i\000o\000n}{}% 22
\BOOKMARK [1][-]{section.10}{\376\377\000R\000e\000f\000e\000r\000e\000n\000c\000e\000s}{}% 23
